# Derivatives solution step at time 0 performed in 0 iterations with 0 error
# Key for lines starting with "Step":
# Step Time TStep NIter ResErr SolErr SolConv Out
Step 0 0 0 0 0 0 0 1
Step 1 0.01 0.01 0 0 0 0 1
Step 2 0.02 0.01 1 4.01944e-14 0 0 1
Step 3 0.03 0.01 1 1.13687e-13 0 0 1
Step 4 0.04 0.01 1 1.60777e-13 0 0 1
Step 5 0.05 0.01 1 2.27374e-13 0 0 1
Step 6 0.06 0.01 1 2.27374e-13 0 0 1
Step 7 0.07 0.01 1 1.01685e-12 0 0 1
Step 8 0.08 0.01 1 4.54747e-13 0 0 1
Step 9 0.09 0.01 1 4.54747e-13 0 0 1
Step 10 0.1 0.01 1 9.09495e-13 0 0 1
Step 11 0.11 0.01 1 9.09495e-13 0 0 1
Step 12 0.12 0.01 1 9.09495e-13 0 0 1
Step 13 0.13 0.01 1 0 0 0 1
Step 14 0.14 0.01 1 2.57244e-12 0 0 1
Step 15 0.15 0.01 1 0 0 0 1
Step 16 0.16 0.01 1 1.77636e-15 0 0 1
Step 17 0.17 0.01 1 0 0 0 1
Step 18 0.18 0.01 1 1.81899e-12 0 0 1
Step 19 0.19 0.01 1 5.14488e-12 0 0 1
Step 20 0.2 0.01 1 5.14488e-12 0 0 1
Step 21 0.21 0.01 1 0 0 0 1
Step 22 0.22 0.01 1 8.13477e-12 0 0 1
Step 23 0.23 0.01 1 3.63798e-12 0 0 1
Step 24 0.24 0.01 1 0 0 0 1
Step 25 0.25 0.01 1 0 0 0 1
Step 26 0.26 0.01 1 0 0 0 1
Step 27 0.27 0.01 1 0 0 0 1
Step 28 0.28 0.01 1 0 0 0 1
Step 29 0.29 0.01 1 0 0 0 1
Step 30 0.3 0.01 1 0 0 0 1
Step 31 0.31 0.01 1 0 0 0 1
Step 32 0.32 0.01 1 0 0 0 1
Step 33 0.33 0.01 1 0 0 0 1
Step 34 0.34 0.01 1 0 0 0 1
Step 35 0.35 0.01 1 0 0 0 1
Step 36 0.36 0.01 1 0 0 0 1
Step 37 0.37 0.01 1 0 0 0 1
Step 38 0.38 0.01 1 0 0 0 1
Step 39 0.39 0.01 1 0 0 0 1
Step 40 0.4 0.01 1 0 0 0 1
Step 41 0.41 0.01 1 0 0 0 1
Step 42 0.42 0.01 1 0 0 0 1
Step 43 0.43 0.01 1 0 0 0 1
Step 44 0.44 0.01 1 0 0 0 1
Step 45 0.45 0.01 1 0 0 0 1
Step 46 0.46 0.01 1 0 0 0 1
Step 47 0.47 0.01 1 0 0 0 1
Step 48 0.48 0.01 1 0 0 0 1
Step 49 0.49 0.01 0 3.40301e-07 0 0 1
Step 50 0.5 0.01 0 1.13434e-07 0 0 1
Step 51 0.51 0.01 0 8.31848e-07 0 0 1
Step 52 0.52 0.01 0 2.52076e-08 0 0 1
Step 53 0.53 0.01 1 0 0 0 1
Step 54 0.54 0.01 0 8.64057e-07 0 0 1
Step 55 0.55 0.01 0 2.46007e-07 0 0 1
Step 56 0.56 0.01 1 0 0 0 1
Step 57 0.57 0.01 0 1.66702e-07 0 0 1
Step 58 0.58 0.01 0 4.65578e-07 0 0 1
Step 59 0.59 0.01 0 5.44163e-07 0 0 1
Step 60 0.6 0.01 0 9.89901e-07 0 0 1
Step 61 0.61 0.01 0 8.23718e-07 0 0 1
Step 62 0.62 0.01 1 0 0 0 1
Step 63 0.63 0.01 0 8.31311e-07 0 0 1
Step 64 0.64 0.01 1 0 0 0 1
Step 65 0.65 0.01 1 0 0 0 1
Step 66 0.66 0.01 0 8.60694e-07 0 0 1
Step 67 0.67 0.01 0 2.86898e-07 0 0 1
Step 68 0.68 0.01 1 0 0 0 1
Step 69 0.69 0.01 0 6.37553e-08 0 0 1
Step 70 0.7 0.01 0 4.99415e-07 0 0 1
Step 71 0.71 0.01 0 3.15234e-07 0 0 1
Step 72 0.72 0.01 1 0 0 0 1
Step 73 0.73 0.01 0 2.91228e-07 0 0 1
Step 74 0.74 0.01 0 4.28314e-07 0 0 1
Step 75 0.75 0.01 0 5.3676e-07 0 0 1
Step 76 0.76 0.01 1 0 0 0 1
Step 77 0.77 0.01 1 0 0 0 1
Step 78 0.78 0.01 0 3.84263e-07 0 0 1
Step 79 0.79 0.01 0 1.28088e-07 0 0 1
Step 80 0.8 0.01 0 9.3931e-07 0 0 1
Step 81 0.81 0.01 0 2.84642e-08 0 0 1
Step 82 0.82 0.01 1 0 0 0 1
Step 83 0.83 0.01 0 9.75681e-07 0 0 1
Step 84 0.84 0.01 0 2.77787e-07 0 0 1
Step 85 0.85 0.01 1 0 0 0 1
Step 86 0.86 0.01 0 1.88238e-07 0 0 1
Step 87 0.87 0.01 0 5.25724e-07 0 0 1
Step 88 0.88 0.01 0 6.14463e-07 0 0 1
Step 89 0.89 0.01 1 0 0 0 1
Step 90 0.9 0.01 0 9.30135e-07 0 0 1
Step 91 0.91 0.01 0 7.1406e-07 0 0 1
Step 92 0.92 0.01 1 0 0 0 1
Step 93 0.93 0.01 1 0 0 0 1
Step 94 0.94 0.01 0 3.32678e-07 0 0 1
Step 95 0.95 0.01 0 1.10893e-07 0 0 1
Step 96 0.96 0.01 0 8.13213e-07 0 0 1
Step 97 0.97 0.01 0 2.4643e-08 0 0 1
Step 98 0.98 0.01 1 0 0 0 1
Step 99 0.99 0.01 0 8.44702e-07 0 0 1
Step 100 1 0.01 0 2.40495e-07 0 0 1
Step 101 1.01 0.01 1 0 0 0 1
Step 102 1.02 0.01 0 1.62968e-07 0 0 1
Step 103 1.03 0.01 0 4.55148e-07 0 0 1
Step 104 1.04 0.01 0 5.31975e-07 0 0 1
Step 105 1.05 0.01 0 9.67724e-07 0 0 1
Step 106 1.06 0.01 0 8.05269e-07 0 0 1
Step 107 1.07 0.01 1 0 0 0 1
Step 108 1.08 0.01 0 8.12699e-07 0 0 1
Step 109 1.09 0.01 1 0 0 0 1
Step 110 1.1 0.01 1 0 0 0 1
Step 111 1.11 0.01 0 8.41423e-07 0 0 1
Step 112 1.12 0.01 0 2.80474e-07 0 0 1
Step 113 1.13 0.01 1 0 0 0 1
Step 114 1.14 0.01 0 6.23281e-08 0 0 1
Step 115 1.15 0.01 0 4.88233e-07 0 0 1
Step 116 1.16 0.01 0 3.08176e-07 0 0 1
Step 117 1.17 0.01 1 0 0 0 1
Step 118 1.18 0.01 0 2.84708e-07 0 0 1
Step 119 1.19 0.01 0 4.18724e-07 0 0 1
Step 120 1.2 0.01 0 5.24745e-07 0 0 1
Step 121 1.21 0.01 1 0 0 0 1
Step 122 1.22 0.01 1 0 0 0 1
Step 123 1.23 0.01 0 3.75662e-07 0 0 1
Step 124 1.24 0.01 0 1.25221e-07 0 0 1
Step 125 1.25 0.01 0 9.18286e-07 0 0 1
Step 126 1.26 0.01 0 2.78273e-08 0 0 1
Step 127 1.27 0.01 1 0 0 0 1
Step 128 1.28 0.01 0 9.53843e-07 0 0 1
Step 129 1.29 0.01 0 2.71569e-07 0 0 1
Step 130 1.3 0.01 1 0 0 0 1
Step 131 1.31 0.01 0 1.84026e-07 0 0 1
Step 132 1.32 0.01 0 5.13956e-07 0 0 1
Step 133 1.33 0.01 0 6.00712e-07 0 0 1
Step 134 1.34 0.01 1 0 0 0 1
Step 135 1.35 0.01 0 9.09322e-07 0 0 1
Step 136 1.36 0.01 0 6.9808e-07 0 0 1
Step 137 1.37 0.01 1 0 0 0 1
Step 138 1.38 0.01 1 0 0 0 1
Step 139 1.39 0.01 0 3.25232e-07 0 0 1
Step 140 1.4 0.01 0 1.08411e-07 0 0 1
Step 141 1.41 0.01 0 7.95012e-07 0 0 1
Step 142 1.42 0.01 0 2.40916e-08 0 0 1
Step 143 1.43 0.01 1 0 0 0 1
Step 144 1.44 0.01 0 8.25795e-07 0 0 1
Step 145 1.45 0.01 0 2.35112e-07 0 0 1
Step 146 1.46 0.01 1 0 0 0 1
Step 147 1.47 0.01 0 1.59321e-07 0 0 1
Step 148 1.48 0.01 0 4.44961e-07 0 0 1
Step 149 1.49 0.01 0 5.20069e-07 0 0 1
Step 150 1.5 0.01 0 9.46063e-07 0 0 1
Step 151 1.51 0.01 0 7.87248e-07 0 0 1
Step 152 1.52 0.01 1 0 0 0 1
Step 153 1.53 0.01 0 7.94513e-07 0 0 1
Step 154 1.54 0.01 1 0 0 0 1
Step 155 1.55 0.01 1 0 0 0 1
Step 156 1.56 0.01 0 8.22594e-07 0 0 1
Step 157 1.57 0.01 0 2.74198e-07 0 0 1
Step 158 1.58 0.01 1 0 0 0 1
Step 159 1.59 0.01 0 6.0933e-08 0 0 1
Step 160 1.6 0.01 0 4.77307e-07 0 0 1
Step 161 1.61 0.01 0 3.01279e-07 0 0 1
Step 162 1.62 0.01 1 0 0 0 1
Step 163 1.63 0.01 0 2.78336e-07 0 0 1
Step 164 1.64 0.01 0 4.09353e-07 0 0 1
Step 165 1.65 0.01 0 5.12999e-07 0 0 1
Step 166 1.66 0.01 1 0 0 0 1
Step 167 1.67 0.01 1 0 0 0 1
Step 168 1.68 0.01 0 3.67253e-07 0 0 1
Step 169 1.69 0.01 0 1.22417e-07 0 0 1
Step 170 1.7 0.01 0 8.97729e-07 0 0 1
Step 171 1.71 0.01 0 2.72045e-08 0 0 1
Step 172 1.72 0.01 1 0 0 0 1
Step 173 1.73 0.01 0 9.3249e-07 0 0 1
Step 174 1.74 0.01 0 2.65489e-07 0 0 1
Step 175 1.75 0.01 1 0 0 0 1
Step 176 1.76 0.01 0 1.79907e-07 0 0 1
Step 177 1.77 0.01 0 5.0245e-07 0 0 1
Step 178 1.78 0.01 0 5.87266e-07 0 0 1
Step 179 1.79 0.01 1 0 0 0 1
Step 180 1.8 0.01 0 8.88969e-07 0 0 1
Step 181 1.81 0.01 0 6.82454e-07 0 0 1
Step 182 1.82 0.01 1 0 0 0 1
Step 183 1.83 0.01 1 0 0 0 1
Step 184 1.84 0.01 0 3.17951e-07 0 0 1
Step 185 1.85 0.01 0 1.05984e-07 0 0 1
Step 186 1.86 0.01 0 7.77214e-07 0 0 1
Step 187 1.87 0.01 0 2.35521e-08 0 0 1
Step 188 1.88 0.01 1 0 0 0 1
Step 189 1.89 0.01 0 8.07308e-07 0 0 1
Step 190 1.9 0.01 0 2.29849e-07 0 0 1
Step 191 1.91 0.01 1 0 0 0 1
Step 192 1.92 0.01 0 1.55754e-07 0 0 1
Step 193 1.93 0.01 0 4.35e-07 0 0 1
Step 194 1.94 0.01 0 5.08425e-07 0 0 1
Step 195 1.95 0.01 0 9.24884e-07 0 0 1
Step 196 1.96 0.01 0 7.69621e-07 0 0 1
Step 197 1.97 0.01 1 0 0 0 1
Step 198 1.98 0.01 0 7.7672e-07 0 0 1
Step 199 1.99 0.01 1 0 0 0 1
Step 200 2 0.01 1 0 0 0 1
Step 201 2.01 0.01 0 8.04172e-07 0 0 1
Step 202 2.02 0.01 0 2.68057e-07 0 0 1
Step 203 2.03 0.01 1 0 0 0 1
Step 204 2.04 0.01 0 5.95689e-08 0 0 1
Step 205 2.05 0.01 0 4.66618e-07 0 0 1
Step 206 2.06 0.01 0 2.94533e-07 0 0 1
Step 207 2.07 0.01 1 0 0 0 1
Step 208 2.08 0.01 0 2.72105e-07 0 0 1
Step 209 2.09 0.01 0 4.00187e-07 0 0 1
Step 210 2.1 0.01 0 5.01516e-07 0 0 1
Step 211 2.11 0.01 1 0 0 0 1
Step 212 2.12 0.01 1 0 0 0 1
Step 213 2.13 0.01 0 3.59033e-07 0 0 1
Step 214 2.14 0.01 0 1.19678e-07 0 0 1
Step 215 2.15 0.01 0 8.77637e-07 0 0 1
Step 216 2.16 0.01 0 2.65957e-08 0 0 1
Step 217 2.17 0.01 1 0 0 0 1
Step 218 2.18 0.01 0 9.1162e-07 0 0 1
Step 219 2.19 0.01 0 2.59547e-07 0 0 1
Step 220 2.2 0.01 1 0 0 0 1
Step 221 2.21 0.01 0 1.75881e-07 0 0 1
Step 222 2.22 0.01 0 4.91205e-07 0 0 1
Step 223 2.23 0.01 0 5.74123e-07 0 0 1
Step 224 2.24 0.01 1 0 0 0 1
Step 225 2.25 0.01 0 8.69074e-07 0 0 1
Step 226 2.26 0.01 0 6.6718e-07 0 0 1
Step 227 2.27 0.01 1 0 0 0 1
Step 228 2.28 0.01 1 0 0 0 1
Step 229 2.29 0.01 0 3.10835e-07 0 0 1
Step 230 2.3 0.01 0 1.03611e-07 0 0 1
Step 231 2.31 0.01 0 7.59819e-07 0 0 1
Step 232 2.32 0.01 0 2.3026e-08 0 0 1
Step 233 2.33 0.01 1 0 0 0 1
Step 234 2.34 0.01 0 7.89242e-07 0 0 1
Step 235 2.35 0.01 0 2.24704e-07 0 0 1
Step 236 2.36 0.01 1 0 0 0 1
Step 237 2.37 0.01 0 1.52272e-07 0 0 1
Step 238 2.38 0.01 0 4.25264e-07 0 0 1
Step 239 2.39 0.01 0 4.97055e-07 0 0 1
Step 240 2.4 0.01 0 9.04181e-07 0 0 1
Step 241 2.41 0.01 0 7.52415e-07 0 0 1
Step 242 2.42 0.01 1 0 0 0 1
Step 243 2.43 0.01 0 7.59386e-07 0 0 1
Step 244 2.44 0.01 1 0 0 0 1
Step 245 2.45 0.01 1 0 0 0 1
Step 246 2.46 0.01 0 7.8622e-07 0 0 1
Step 247 2.47 0.01 0 2.62073e-07 0 0 1
Step 248 2.48 0.01 1 0 0 0 1
Step 249 2.49 0.01 0 5.82389e-08 0 0 1
Step 250 2.5 0.01 0 4.56201e-07 0 0 1
Step 251 2.51 0.01 0 2.87957e-07 0 0 1
Step 252 2.52 0.01 1 0 0 0 1
Step 253 2.53 0.01 0 2.66029e-07 0 0 1
Step 254 2.54 0.01 0 3.91252e-07 0 0 1
Step 255 2.55 0.01 0 4.90317e-07 0 0 1
Step 256 2.56 0.01 1 0 0 0 1
Step 257 2.57 0.01 1 0 0 0 1
Step 258 2.58 0.01 0 3.51015e-07 0 0 1
Step 259 2.59 0.01 0 1.17005e-07 0 0 1
Step 260 2.6 0.01 0 8.58036e-07 0 0 1
Step 261 2.61 0.01 0 2.60016e-08 0 0 1
Step 262 2.62 0.01 1 0 0 0 1
Step 263 2.63 0.01 0 8.91261e-07 0 0 1
Step 264 2.64 0.01 0 2.5375e-07 0 0 1
Step 265 2.65 0.01 1 0 0 0 1
Step 266 2.66 0.01 0 1.71953e-07 0 0 1
Step 267 2.67 0.01 0 4.80235e-07 0 0 1
Step 268 2.68 0.01 0 5.61301e-07 0 0 1
Step 269 2.69 0.01 1 0 0 0 1
Step 270 2.7 0.01 0 8.49666e-07 0 0 1
Step 271 2.71 0.01 0 6.5228e-07 0 0 1
Step 272 2.72 0.01 1 0 0 0 1
Step 273 2.73 0.01 1 0 0 0 1
Step 274 2.74 0.01 0 3.03893e-07 0 0 1
Step 275 2.75 0.01 0 1.01298e-07 0 0 1
Step 276 2.76 0.01 0 7.42851e-07 0 0 1
Step 277 2.77 0.01 0 2.25111e-08 0 0 1
Step 278 2.78 0.01 1 0 0 0 1
Step 279 2.79 0.01 0 7.71614e-07 0 0 1
Step 280 2.8 0.01 0 2.19686e-07 0 0 1
Step 281 2.81 0.01 1 0 0 0 1
Step 282 2.82 0.01 0 1.48869e-07 0 0 1
Step 283 2.83 0.01 0 4.15766e-07 0 0 1
Step 284 2.84 0.01 0 4.85951e-07 0 0 1
Step 285 2.85 0.01 0 8.83988e-07 0 0 1
Step 286 2.86 0.01 0 7.35604e-07 0 0 1
Step 287 2.87 0.01 1 0 0 0 1
Step 288 2.88 0.01 0 7.42406e-07 0 0 1
Step 289 2.89 0.01 0 9.78539e-07 0 0 1
Step 290 2.9 0.01 1 0 0 0 1
Step 291 2.91 0.01 1 0 0 0 1
Step 292 2.92 0.01 0 6.13598e-07 0 0 1
Step 293 2.93 0.01 0 2.04533e-07 0 0 1
Step 294 2.94 0.01 1 0 0 0 1
Step 295 2.95 0.01 0 4.5452e-08 0 0 1
Step 296 2.96 0.01 0 3.56038e-07 0 0 1
Step 297 2.97 0.01 0 2.24733e-07 0 0 1
Step 298 2.98 0.01 0 8.29914e-07 0 0 1
Step 299 2.99 0.01 0 2.07618e-07 0 0 1
Step 300 3 0.01 1 0 0 0 1
Step 301 3.01 0.01 0 3.55041e-07 0 0 1
Step 302 3.02 0.01 0 4.64377e-07 0 0 1
Step 303 3.03 0.01 0 9.83221e-07 0 0 1
Step 304 3.04 0.01 0 8.19552e-07 0 0 1
Step 305 3.05 0.01 1 0 0 0 1
Step 306 3.06 0.01 0 8.71388e-07 0 0 1
Step 307 3.07 0.01 1 0 0 0 1
Step 308 3.08 0.01 1 0 0 0 1
Step 309 3.09 0.01 0 8.94062e-07 0 0 1
Step 310 3.1 0.01 0 2.9802e-07 0 0 1
Step 311 3.11 0.01 1 0 0 0 1
Step 312 3.12 0.01 0 6.62271e-08 0 0 1
Step 313 3.13 0.01 0 5.18776e-07 0 0 1
Step 314 3.14 0.01 0 3.27455e-07 0 0 1
Step 315 3.15 0.01 1 0 0 0 1
Step 316 3.16 0.01 0 3.02519e-07 0 0 1
Step 317 3.17 0.01 0 4.44918e-07 0 0 1
Step 318 3.18 0.01 0 5.57571e-07 0 0 1
Step 319 3.19 0.01 1 0 0 0 1
Step 320 3.2 0.01 1 0 0 0 1
Step 321 3.21 0.01 0 3.99162e-07 0 0 1
Step 322 3.22 0.01 0 1.33053e-07 0 0 1
Step 323 3.23 0.01 0 9.75728e-07 0 0 1
Step 324 3.24 0.01 0 2.95693e-08 0 0 1
Step 325 3.25 0.01 1 0 0 0 1
Step 326 3.26 0.01 1 0 0 0 1
Step 327 3.27 0.01 0 2.88556e-07 0 0 1
Step 328 3.28 0.01 0 9.6185e-08 0 0 1
Step 329 3.29 0.01 0 7.05358e-07 0 0 1
Step 330 3.3 0.01 0 2.13753e-08 0 0 1
Step 331 3.31 0.01 1 0 0 0 1
Step 332 3.32 0.01 0 7.32671e-07 0 0 1
Step 333 3.33 0.01 0 2.08597e-07 0 0 1
Step 334 3.34 0.01 1 0 0 0 1
Step 335 3.35 0.01 0 1.41359e-07 0 0 1
Step 336 3.36 0.01 0 3.94782e-07 0 0 1
Step 337 3.37 0.01 0 4.61431e-07 0 0 1
Step 338 3.38 0.01 0 8.39369e-07 0 0 1
Step 339 3.39 0.01 0 6.98493e-07 0 0 1
Step 340 3.4 0.01 1 0 0 0 1
Step 341 3.41 0.01 0 7.04977e-07 0 0 1
Step 342 3.42 0.01 0 9.29164e-07 0 0 1
Step 343 3.43 0.01 1 0 0 0 1
Step 344 3.44 0.01 1 0 0 0 1
Step 345 3.45 0.01 0 5.8263e-07 0 0 1
Step 346 3.46 0.01 0 1.9421e-07 0 0 1
Step 347 3.47 0.01 1 0 0 0 1
Step 348 3.48 0.01 0 4.3158e-08 0 0 1
Step 349 3.49 0.01 0 3.38069e-07 0 0 1
Step 350 3.5 0.01 0 2.13392e-07 0 0 1
Step 351 3.51 0.01 0 7.88027e-07 0 0 1
Step 352 3.52 0.01 0 1.97142e-07 0 0 1
Step 353 3.53 0.01 1 0 0 0 1
Step 354 3.54 0.01 0 3.37117e-07 0 0 1
Step 355 3.55 0.01 0 4.40941e-07 0 0 1
Step 356 3.56 0.01 0 9.33587e-07 0 0 1
Step 357 3.57 0.01 0 7.78197e-07 0 0 1
Step 358 3.58 0.01 1 0 0 0 1
Step 359 3.59 0.01 0 8.27437e-07 0 0 1
Step 360 3.6 0.01 1 0 0 0 1
Step 361 3.61 0.01 1 0 0 0 1
Step 362 3.62 0.01 0 8.48964e-07 0 0 1
Step 363 3.63 0.01 0 2.82987e-07 0 0 1
Step 364 3.64 0.01 1 0 0 0 1
Step 365 3.65 0.01 0 6.28873e-08 0 0 1
Step 366 3.66 0.01 0 4.92608e-07 0 0 1
Step 367 3.67 0.01 0 3.10939e-07 0 0 1
Step 368 3.68 0.01 1 0 0 0 1
Step 369 3.69 0.01 0 2.87263e-07 0 0 1
Step 370 3.7 0.01 0 4.22478e-07 0 0 1
Step 371 3.71 0.01 0 5.29455e-07 0 0 1
Step 372 3.72 0.01 1 0 0 0 1
Step 373 3.73 0.01 1 0 0 0 1
Step 374 3.74 0.01 0 3.79034e-07 0 0 1
Step 375 3.75 0.01 0 1.26345e-07 0 0 1
Step 376 3.76 0.01 0 9.26528e-07 0 0 1
Step 377 3.77 0.01 0 2.80775e-08 0 0 1
Step 378 3.78 0.01 1 0 0 0 1
Step 379 3.79 0.01 0 9.62405e-07 0 0 1
Step 380 3.8 0.01 0 2.74006e-07 0 0 1
Step 381 3.81 0.01 1 0 0 0 1
Step 382 3.82 0.01 0 1.85678e-07 0 0 1
Step 383 3.83 0.01 0 5.18569e-07 0 0 1
Step 384 3.84 0.01 0 6.06104e-07 0 0 1
Step 385 3.85 0.01 1 0 0 0 1
Step 386 3.86 0.01 0 9.17484e-07 0 0 1
Step 387 3.87 0.01 0 7.04346e-07 0 0 1
Step 388 3.88 0.01 1 0 0 0 1
Step 389 3.89 0.01 1 0 0 0 1
Step 390 3.9 0.01 0 3.28151e-07 0 0 1
Step 391 3.91 0.01 0 1.09384e-07 0 0 1
Step 392 3.92 0.01 0 8.02146e-07 0 0 1
Step 393 3.93 0.01 0 2.43075e-08 0 0 1
Step 394 3.94 0.01 1 0 0 0 1
Step 395 3.95 0.01 0 8.33205e-07 0 0 1
Step 396 3.96 0.01 0 2.37222e-07 0 0 1
Step 397 3.97 0.01 1 0 0 0 1
Step 398 3.98 0.01 0 1.60751e-07 0 0 1
Step 399 3.99 0.01 0 4.48953e-07 0 0 1
Step 400 4 0.01 0 5.24736e-07 0 0 1
Step 401 4.01 0.01 0 9.54549e-07 0 0 1
Step 402 4.02 0.01 0 7.94311e-07 0 0 1
Step 403 4.03 0.01 1 0 0 0 1
Step 404 4.04 0.01 0 8.01642e-07 0 0 1
Step 405 4.05 0.01 1 0 0 0 1
Step 406 4.06 0.01 1 0 0 0 1
Step 407 4.07 0.01 0 8.29974e-07 0 0 1
Step 408 4.08 0.01 0 2.76658e-07 0 0 1
Step 409 4.09 0.01 1 0 0 0 1
Step 410 4.1 0.01 0 6.148e-08 0 0 1
Step 411 4.11 0.01 0 4.81589e-07 0 0 1
Step 412 4.12 0.01 0 3.03982e-07 0 0 1
Step 413 4.13 0.01 1 0 0 0 1
Step 414 4.14 0.01 0 2.80833e-07 0 0 1
Step 415 4.15 0.01 0 4.13026e-07 0 0 1
Step 416 4.16 0.01 0 5.17601e-07 0 0 1
Step 417 4.17 0.01 1 0 0 0 1
Step 418 4.18 0.01 1 0 0 0 1
Step 419 4.19 0.01 0 3.70547e-07 0 0 1
Step 420 4.2 0.01 0 1.23515e-07 0 0 1
Step 421 4.21 0.01 0 9.05782e-07 0 0 1
Step 422 4.22 0.01 0 2.74493e-08 0 0 1
Step 423 4.23 0.01 1 0 0 0 1
Step 424 4.24 0.01 0 9.40857e-07 0 0 1
Step 425 4.25 0.01 0 2.67869e-07 0 0 1
Step 426 4.26 0.01 1 0 0 0 1
Step 427 4.27 0.01 0 1.81525e-07 0 0 1
Step 428 4.28 0.01 0 5.06957e-07 0 0 1
Step 429 4.29 0.01 0 5.92543e-07 0 0 1
Step 430 4.3 0.01 1 0 0 0 1
Step 431 4.31 0.01 0 8.96964e-07 0 0 1
Step 432 4.32 0.01 0 6.88583e-07 0 0 1
Step 433 4.33 0.01 1 0 0 0 1
Step 434 4.34 0.01 1 0 0 0 1
Step 435 4.35 0.01 0 3.20804e-07 0 0 1
Step 436 4.36 0.01 0 1.06934e-07 0 0 1
Step 437 4.37 0.01 0 7.84187e-07 0 0 1
Step 438 4.38 0.01 0 2.37647e-08 0 0 1
Step 439 4.39 0.01 1 0 0 0 1
Step 440 4.4 0.01 0 8.14554e-07 0 0 1
Step 441 4.41 0.01 0 2.31909e-07 0 0 1
Step 442 4.42 0.01 1 0 0 0 1
Step 443 4.43 0.01 0 1.57158e-07 0 0 1
Step 444 4.44 0.01 0 4.38901e-07 0 0 1
Step 445 4.45 0.01 0 5.13002e-07 0 0 1
Step 446 4.46 0.01 0 9.33172e-07 0 0 1
Step 447 4.47 0.01 0 7.76561e-07 0 0 1
Step 448 4.48 0.01 1 0 0 0 1
Step 449 4.49 0.01 0 7.83783e-07 0 0 1
Step 450 4.5 0.01 1 0 0 0 1
Step 451 4.51 0.01 1 0 0 0 1
Step 452 4.52 0.01 0 8.11473e-07 0 0 1
Step 453 4.53 0.01 0 2.70489e-07 0 0 1
Step 454 4.54 0.01 1 0 0 0 1
Step 455 4.55 0.01 0 6.01118e-08 0 0 1
Step 456 4.56 0.01 0 4.70853e-07 0 0 1
Step 457 4.57 0.01 0 2.97211e-07 0 0 1
Step 458 4.58 0.01 1 0 0 0 1
Step 459 4.59 0.01 0 2.74585e-07 0 0 1
Step 460 4.6 0.01 0 4.03822e-07 0 0 1
Step 461 4.61 0.01 0 5.06092e-07 0 0 1
Step 462 4.62 0.01 1 0 0 0 1
Step 463 4.63 0.01 1 0 0 0 1
Step 464 4.64 0.01 0 3.62313e-07 0 0 1
Step 465 4.65 0.01 0 1.20771e-07 0 0 1
Step 466 4.66 0.01 0 8.85654e-07 0 0 1
Step 467 4.67 0.01 0 2.68398e-08 0 0 1
Step 468 4.68 0.01 1 0 0 0 1
Step 469 4.69 0.01 0 9.1995e-07 0 0 1
Step 470 4.7 0.01 0 2.61916e-07 0 0 1
Step 471 4.71 0.01 1 0 0 0 1
Step 472 4.72 0.01 0 1.77493e-07 0 0 1
Step 473 4.73 0.01 0 4.9569e-07 0 0 1
Step 474 4.74 0.01 0 5.79379e-07 0 0 1
Step 475 4.75 0.01 1 0 0 0 1
Step 476 4.76 0.01 0 8.77039e-07 0 0 1
Step 477 4.77 0.01 0 6.73284e-07 0 0 1
Step 478 4.78 0.01 1 0 0 0 1
Step 479 4.79 0.01 1 0 0 0 1
Step 480 4.8 0.01 0 3.13674e-07 0 0 1
Step 481 4.81 0.01 0 1.04557e-07 0 0 1
Step 482 4.82 0.01 0 7.66759e-07 0 0 1
Step 483 4.83 0.01 0 2.3237e-08 0 0 1
Step 484 4.84 0.01 1 0 0 0 1
Step 485 4.85 0.01 0 7.96452e-07 0 0 1
Step 486 4.86 0.01 0 2.26755e-07 0 0 1
Step 487 4.87 0.01 1 0 0 0 1
Step 488 4.88 0.01 0 1.53665e-07 0 0 1
Step 489 4.89 0.01 0 4.29146e-07 0 0 1
Step 490 4.9 0.01 0 5.01601e-07 0 0 1
Step 491 4.91 0.01 0 9.12432e-07 0 0 1
Step 492 4.92 0.01 0 7.59302e-07 0 0 1
Step 493 4.93 0.01 1 0 0 0 1
Step 494 4.94 0.01 0 7.6636e-07 0 0 1
Step 495 4.95 0.01 1 0 0 0 1
Step 496 4.96 0.01 1 0 0 0 1
Step 497 4.97 0.01 0 7.93435e-07 0 0 1
Step 498 4.98 0.01 0 2.64478e-07 0 0 1
Step 499 4.99 0.01 1 0 0 0 1
Step 500 5 0.01 0 5.87744e-08 0 0 1
Step 501 5.01 0.01 0 4.60387e-07 0 0 1
Step 502 5.02 0.01 0 2.90601e-07 0 0 1
Step 503 5.03 0.01 1 0 0 0 1
Step 504 5.04 0.01 0 2.68473e-07 0 0 1
Step 505 5.05 0.01 0 3.94844e-07 0 0 1
Step 506 5.06 0.01 0 4.94822e-07 0 0 1
Step 507 5.07 0.01 1 0 0 0 1
Step 508 5.08 0.01 1 0 0 0 1
Step 509 5.09 0.01 0 3.54242e-07 0 0 1
Step 510 5.1 0.01 0 1.18081e-07 0 0 1
Step 511 5.11 0.01 0 8.65925e-07 0 0 1
Step 512 5.12 0.01 0 2.62402e-08 0 0 1
Step 513 5.13 0.01 1 0 0 0 1
Step 514 5.14 0.01 0 8.99452e-07 0 0 1
Step 515 5.15 0.01 0 2.56083e-07 0 0 1
Step 516 5.16 0.01 1 0 0 0 1
Step 517 5.17 0.01 0 1.73532e-07 0 0 1
Step 518 5.18 0.01 0 4.84648e-07 0 0 1
Step 519 5.19 0.01 0 5.66457e-07 0 0 1
Step 520 5.2 0.01 1 0 0 0 1
Step 521 5.21 0.01 0 8.57469e-07 0 0 1
Step 522 5.22 0.01 0 6.58272e-07 0 0 1
Step 523 5.23 0.01 1 0 0 0 1
Step 524 5.24 0.01 1 0 0 0 1
Step 525 5.25 0.01 0 3.06685e-07 0 0 1
Step 526 5.26 0.01 0 1.02228e-07 0 0 1
Step 527 5.27 0.01 0 7.49674e-07 0 0 1
Step 528 5.28 0.01 0 2.27182e-08 0 0 1
Step 529 5.29 0.01 1 0 0 0 1
Step 530 5.3 0.01 0 7.78702e-07 0 0 1
Step 531 5.31 0.01 0 2.21702e-07 0 0 1
Step 532 5.32 0.01 1 0 0 0 1
Step 533 5.33 0.01 0 1.5024e-07 0 0 1
Step 534 5.34 0.01 0 4.19583e-07 0 0 1
Step 535 5.35 0.01 0 4.90421e-07 0 0 1
Step 536 5.36 0.01 0 8.921e-07 0 0 1
Step 537 5.37 0.01 0 7.42377e-07 0 0 1
Step 538 5.38 0.01 1 0 0 0 1
Step 539 5.39 0.01 0 7.4927e-07 0 0 1
Step 540 5.4 0.01 0 9.87539e-07 0 0 1
Step 541 5.41 0.01 1 0 0 0 1
Step 542 5.42 0.01 1 0 0 0 1
Step 543 5.43 0.01 0 6.19231e-07 0 0 1
Step 544 5.44 0.01 0 2.0641e-07 0 0 1
Step 545 5.45 0.01 1 0 0 0 1
Step 546 5.46 0.01 0 4.58689e-08 0 0 1
Step 547 5.47 0.01 0 3.59305e-07 0 0 1
Step 548 5.48 0.01 0 2.26795e-07 0 0 1
Step 549 5.49 0.01 0 8.37529e-07 0 0 1
Step 550 5.5 0.01 0 2.09521e-07 0 0 1
Step 551 5.51 0.01 1 0 0 0 1
Step 552 5.52 0.01 0 3.58302e-07 0 0 1
Step 553 5.53 0.01 0 4.68637e-07 0 0 1
Step 554 5.54 0.01 0 9.9225e-07 0 0 1
Step 555 5.55 0.01 0 8.27065e-07 0 0 1
Step 556 5.56 0.01 1 0 0 0 1
Step 557 5.57 0.01 0 8.79363e-07 0 0 1
Step 558 5.58 0.01 1 0 0 0 1
Step 559 5.59 0.01 1 0 0 0 1
Step 560 5.6 0.01 0 9.02244e-07 0 0 1
Step 561 5.61 0.01 0 3.00748e-07 0 0 1
Step 562 5.62 0.01 1 0 0 0 1
Step 563 5.63 0.01 0 6.68347e-08 0 0 1
Step 564 5.64 0.01 0 5.23524e-07 0 0 1
Step 565 5.65 0.01 0 3.30455e-07 0 0 1
Step 566 5.66 0.01 1 0 0 0 1
Step 567 5.67 0.01 0 3.05295e-07 0 0 1
Step 568 5.68 0.01 0 4.48993e-07 0 0 1
Step 569 5.69 0.01 0 5.6269e-07 0 0 1
Step 570 5.7 0.01 1 0 0 0 1
Step 571 5.71 0.01 1 0 0 0 1
Step 572 5.72 0.01 0 4.02828e-07 0 0 1
Step 573 5.73 0.01 0 1.34276e-07 0 0 1
Step 574 5.74 0.01 0 9.8469e-07 0 0 1
Step 575 5.75 0.01 0 2.98403e-08 0 0 1
Step 576 5.76 0.01 1 0 0 0 1
Step 577 5.77 0.01 1 0 0 0 1
Step 578 5.78 0.01 0 2.91206e-07 0 0 1
Step 579 5.79 0.01 0 9.7069e-08 0 0 1
Step 580 5.8 0.01 0 7.11838e-07 0 0 1
Step 581 5.81 0.01 0 2.15712e-08 0 0 1
Step 582 5.82 0.01 1 0 0 0 1
Step 583 5.83 0.01 0 7.394e-07 0 0 1
Step 584 5.84 0.01 0 2.10514e-07 0 0 1
Step 585 5.85 0.01 1 0 0 0 1
Step 586 5.86 0.01 0 1.42656e-07 0 0 1
Step 587 5.87 0.01 0 3.98407e-07 0 0 1
Step 588 5.88 0.01 0 4.65666e-07 0 0 1
Step 589 5.89 0.01 0 8.47079e-07 0 0 1
Step 590 5.9 0.01 0 7.04901e-07 0 0 1
Step 591 5.91 0.01 1 0 0 0 1
Step 592 5.92 0.01 0 7.11431e-07 0 0 1
Step 593 5.93 0.01 0 9.37689e-07 0 0 1
Step 594 5.94 0.01 1 0 0 0 1
Step 595 5.95 0.01 1 0 0 0 1
Step 596 5.96 0.01 0 5.87978e-07 0 0 1
Step 597 5.97 0.01 0 1.95992e-07 0 0 1
Step 598 5.98 0.01 1 0 0 0 1
Step 599 5.99 0.01 0 4.35543e-08 0 0 1
Step 600 6 0.01 0 3.41171e-07 0 0 1
Step 601 6.01 0.01 0 2.1535e-07 0 0 1
Step 602 6.02 0.01 0 7.95257e-07 0 0 1
Step 603 6.03 0.01 0 1.98951e-07 0 0 1
Step 604 6.04 0.01 1 0 0 0 1
Step 605 6.05 0.01 0 3.40209e-07 0 0 1
Step 606 6.06 0.01 0 4.44987e-07 0 0 1
Step 607 6.07 0.01 0 9.4215e-07 0 0 1
Step 608 6.08 0.01 0 7.85339e-07 0 0 1
Step 609 6.09 0.01 1 0 0 0 1
Step 610 6.1 0.01 0 8.35037e-07 0 0 1
Step 611 6.11 0.01 1 0 0 0 1
Step 612 6.12 0.01 1 0 0 0 1
Step 613 6.13 0.01 0 8.56759e-07 0 0 1
Step 614 6.14 0.01 0 2.85586e-07 0 0 1
Step 615 6.15 0.01 1 0 0 0 1
Step 616 6.16 0.01 0 6.34649e-08 0 0 1
Step 617 6.17 0.01 0 4.9713e-07 0 0 1
Step 618 6.18 0.01 0 3.13795e-07 0 0 1
Step 619 6.19 0.01 1 0 0 0 1
Step 620 6.2 0.01 0 2.89904e-07 0 0 1
Step 621 6.21 0.01 0 4.26357e-07 0 0 1
Step 622 6.22 0.01 0 5.34325e-07 0 0 1
Step 623 6.23 0.01 1 0 0 0 1
Step 624 6.24 0.01 1 0 0 0 1
Step 625 6.25 0.01 0 3.82523e-07 0 0 1
Step 626 6.26 0.01 0 1.27506e-07 0 0 1
Step 627 6.27 0.01 0 9.35055e-07 0 0 1
Step 628 6.28 0.01 0 2.83417e-08 0 0 1
Step 629 6.29 0.01 1 0 0 0 1
Step 630 6.3 0.01 0 9.71274e-07 0 0 1
Step 631 6.31 0.01 0 2.76522e-07 0 0 1
Step 632 6.32 0.01 1 0 0 0 1
Step 633 6.33 0.01 0 1.87414e-07 0 0 1
Step 634 6.34 0.01 0 5.23338e-07 0 0 1
Step 635 6.35 0.01 0 6.11743e-07 0 0 1
Step 636 6.36 0.01 1 0 0 0 1
Step 637 6.37 0.01 0 9.26066e-07 0 0 1
Step 638 6.38 0.01 0 7.10883e-07 0 0 1
Step 639 6.39 0.01 1 0 0 0 1
Step 640 6.4 0.01 1 0 0 0 1
Step 641 6.41 0.01 0 3.31178e-07 0 0 1
Step 642 6.42 0.01 0 1.10392e-07 0 0 1
Step 643 6.43 0.01 0 8.09545e-07 0 0 1
Step 644 6.44 0.01 0 2.45334e-08 0 0 1
Step 645 6.45 0.01 1 0 0 0 1
Step 646 6.46 0.01 0 8.40894e-07 0 0 1
Step 647 6.47 0.01 0 2.39409e-07 0 0 1
Step 648 6.48 0.01 1 0 0 0 1
Step 649 6.49 0.01 0 1.62239e-07 0 0 1
Step 650 6.5 0.01 0 4.53094e-07 0 0 1
Step 651 6.51 0.01 0 5.29588e-07 0 0 1
Step 652 6.52 0.01 0 9.63351e-07 0 0 1
Step 653 6.53 0.01 0 8.01662e-07 0 0 1
Step 654 6.54 0.01 1 0 0 0 1
Step 655 6.55 0.01 0 8.09094e-07 0 0 1
Step 656 6.56 0.01 1 0 0 0 1
Step 657 6.57 0.01 1 0 0 0 1
Step 658 6.58 0.01 0 8.3768e-07 0 0 1
Step 659 6.59 0.01 0 2.79226e-07 0 0 1
Step 660 6.6 0.01 1 0 0 0 1
Step 661 6.61 0.01 0 6.20521e-08 0 0 1
Step 662 6.62 0.01 0 4.86058e-07 0 0 1
Step 663 6.63 0.01 0 3.06808e-07 0 0 1
Step 664 6.64 0.01 1 0 0 0 1
Step 665 6.65 0.01 0 2.83448e-07 0 0 1
Step 666 6.66 0.01 0 4.16861e-07 0 0 1
Step 667 6.67 0.01 0 5.22426e-07 0 0 1
Step 668 6.68 0.01 1 0 0 0 1
Step 669 6.69 0.01 1 0 0 0 1
Step 670 6.7 0.01 0 3.74004e-07 0 0 1
Step 671 6.71 0.01 0 1.24667e-07 0 0 1
Step 672 6.72 0.01 0 9.14232e-07 0 0 1
Step 673 6.73 0.01 0 2.77064e-08 0 0 1
Step 674 6.74 0.01 1 0 0 0 1
Step 675 6.75 0.01 0 9.49635e-07 0 0 1
Step 676 6.76 0.01 0 2.70366e-07 0 0 1
Step 677 6.77 0.01 1 0 0 0 1
Step 678 6.78 0.01 0 1.83225e-07 0 0 1
Step 679 6.79 0.01 0 5.11683e-07 0 0 1
Step 680 6.8 0.01 0 5.98085e-07 0 0 1
Step 681 6.81 0.01 1 0 0 0 1
Step 682 6.82 0.01 0 9.05365e-07 0 0 1
Step 683 6.83 0.01 0 6.95019e-07 0 0 1
Step 684 6.84 0.01 1 0 0 0 1
Step 685 6.85 0.01 1 0 0 0 1
Step 686 6.86 0.01 0 3.23798e-07 0 0 1
Step 687 6.87 0.01 0 1.07931e-07 0 0 1
Step 688 6.88 0.01 0 7.91505e-07 0 0 1
Step 689 6.89 0.01 0 2.39902e-08 0 0 1
Step 690 6.9 0.01 1 0 0 0 1
Step 691 6.91 0.01 0 8.2216e-07 0 0 1
Step 692 6.92 0.01 0 2.34068e-07 0 0 1
Step 693 6.93 0.01 1 0 0 0 1
Step 694 6.94 0.01 0 1.58642e-07 0 0 1
Step 695 6.95 0.01 0 4.42993e-07 0 0 1
Step 696 6.96 0.01 0 5.1783e-07 0 0 1
Step 697 6.97 0.01 0 9.41858e-07 0 0 1
Step 698 6.98 0.01 0 7.83898e-07 0 0 1
Step 699 6.99 0.01 1 0 0 0 1
Step 700 7 0.01 0 7.91332e-07 0 0 1
Step 701 7.01 0.01 1 0 0 0 1
Step 702 7.02 0.01 1 0 0 0 1
Step 703 7.03 0.01 0 8.19259e-07 0 0 1
Step 704 7.04 0.01 0 2.73084e-07 0 0 1
Step 705 7.05 0.01 1 0 0 0 1
Step 706 7.06 0.01 0 6.06898e-08 0 0 1
Step 707 7.07 0.01 0 4.75368e-07 0 0 1
Step 708 7.08 0.01 0 3.00067e-07 0 0 1
Step 709 7.09 0.01 1 0 0 0 1
Step 710 7.1 0.01 0 2.77232e-07 0 0 1
Step 711 7.11 0.01 0 4.07699e-07 0 0 1
Step 712 7.12 0.01 0 5.10975e-07 0 0 1
Step 713 7.13 0.01 1 0 0 0 1
Step 714 7.14 0.01 1 0 0 0 1
Step 715 7.15 0.01 0 3.65814e-07 0 0 1
Step 716 7.16 0.01 0 1.21934e-07 0 0 1
Step 717 7.17 0.01 0 8.94211e-07 0 0 1
Step 718 7.18 0.01 0 2.71101e-08 0 0 1
Step 719 7.19 0.01 1 0 0 0 1
Step 720 7.2 0.01 0 9.28861e-07 0 0 1
Step 721 7.21 0.01 0 2.64436e-07 0 0 1
Step 722 7.22 0.01 1 0 0 0 1
Step 723 7.23 0.01 0 1.79254e-07 0 0 1
Step 724 7.24 0.01 0 5.00475e-07 0 0 1
Step 725 7.25 0.01 0 5.85079e-07 0 0 1
Step 726 7.26 0.01 1 0 0 0 1
Step 727 7.27 0.01 0 8.85746e-07 0 0 1
Step 728 7.28 0.01 0 6.79883e-07 0 0 1
Step 729 7.29 0.01 1 0 0 0 1
Step 730 7.3 0.01 1 0 0 0 1
Step 731 7.31 0.01 0 3.16716e-07 0 0 1
Step 732 7.32 0.01 0 1.05571e-07 0 0 1
Step 733 7.33 0.01 0 7.74194e-07 0 0 1
Step 734 7.34 0.01 0 2.3464e-08 0 0 1
Step 735 7.35 0.01 1 0 0 0 1
Step 736 7.36 0.01 0 8.04176e-07 0 0 1
Step 737 7.37 0.01 0 2.28951e-07 0 0 1
Step 738 7.38 0.01 1 0 0 0 1
Step 739 7.39 0.01 0 1.55163e-07 0 0 1
Step 740 7.4 0.01 0 4.33303e-07 0 0 1
Step 741 7.41 0.01 0 5.06479e-07 0 0 1
Step 742 7.42 0.01 0 9.21259e-07 0 0 1
Step 743 7.43 0.01 0 7.66698e-07 0 0 1
Step 744 7.44 0.01 1 0 0 0 1
Step 745 7.45 0.01 0 7.73881e-07 0 0 1
Step 746 7.46 0.01 1 0 0 0 1
Step 747 7.47 0.01 1 0 0 0 1
Step 748 7.48 0.01 0 8.01211e-07 0 0 1
Step 749 7.49 0.01 0 2.67068e-07 0 0 1
Step 750 7.5 0.01 1 0 0 0 1
Step 751 7.51 0.01 0 5.93502e-08 0 0 1
Step 752 7.52 0.01 0 4.64895e-07 0 0 1
Step 753 7.53 0.01 0 2.93448e-07 0 0 1
Step 754 7.54 0.01 1 0 0 0 1
Step 755 7.55 0.01 0 2.71102e-07 0 0 1
Step 756 7.56 0.01 0 3.98711e-07 0 0 1
Step 757 7.57 0.01 0 4.99669e-07 0 0 1
Step 758 7.58 0.01 1 0 0 0 1
Step 759 7.59 0.01 1 0 0 0 1
Step 760 7.6 0.01 0 3.5771e-07 0 0 1
Step 761 7.61 0.01 0 1.19235e-07 0 0 1
Step 762 7.62 0.01 0 8.74401e-07 0 0 1
Step 763 7.63 0.01 0 2.65042e-08 0 0 1
Step 764 7.64 0.01 1 0 0 0 1
Step 765 7.65 0.01 0 9.0827e-07 0 0 1
Step 766 7.66 0.01 0 2.58578e-07 0 0 1
Step 767 7.67 0.01 1 0 0 0 1
Step 768 7.68 0.01 0 1.75272e-07 0 0 1
Step 769 7.69 0.01 0 4.89384e-07 0 0 1
Step 770 7.7 0.01 0 5.72094e-07 0 0 1
Step 771 7.71 0.01 1 0 0 0 1
Step 772 7.72 0.01 0 8.66075e-07 0 0 1
Step 773 7.73 0.01 0 6.64798e-07 0 0 1
Step 774 7.74 0.01 1 0 0 0 1
Step 775 7.75 0.01 1 0 0 0 1
Step 776 7.76 0.01 0 3.09695e-07 0 0 1
Step 777 7.77 0.01 0 1.03231e-07 0 0 1
Step 778 7.78 0.01 0 7.57035e-07 0 0 1
Step 779 7.79 0.01 0 2.29432e-08 0 0 1
Step 780 7.8 0.01 1 0 0 0 1
Step 781 7.81 0.01 0 7.86351e-07 0 0 1
Step 782 7.82 0.01 0 2.23877e-07 0 0 1
Step 783 7.83 0.01 1 0 0 0 1
Step 784 7.84 0.01 0 1.51723e-07 0 0 1
Step 785 7.85 0.01 0 4.23701e-07 0 0 1
Step 786 7.86 0.01 0 4.95254e-07 0 0 1
Step 787 7.87 0.01 0 9.00848e-07 0 0 1
Step 788 7.88 0.01 0 7.49708e-07 0 0 1
Step 789 7.89 0.01 1 0 0 0 1
Step 790 7.9 0.01 0 7.56731e-07 0 0 1
Step 791 7.91 0.01 0 9.97268e-07 0 0 1
Step 792 7.92 0.01 1 0 0 0 1
Step 793 7.93 0.01 1 0 0 0 1
Step 794 7.94 0.01 0 6.25306e-07 0 0 1
Step 795 7.95 0.01 0 2.08435e-07 0 0 1
Step 796 7.96 0.01 1 0 0 0 1
Step 797 7.97 0.01 0 4.63165e-08 0 0 1
Step 798 7.98 0.01 0 3.62827e-07 0 0 1
Step 799 7.99 0.01 0 2.29015e-07 0 0 1
Step 800 8 0.01 0 8.45741e-07 0 0 1
Step 801 8.01 0.01 0 2.11568e-07 0 0 1
Step 802 8.02 0.01 1 0 0 0 1
Step 803 8.03 0.01 0 3.61831e-07 0 0 1
Step 804 8.04 0.01 0 4.73222e-07 0 0 1
Step 805 8.05 0.01 1 0 0 0 1
Step 806 8.06 0.01 0 8.35138e-07 0 0 1
Step 807 8.07 0.01 0 5.10323e-07 0 0 1
Step 808 8.08 0.01 1 0 0 0 1
Step 809 8.09 0.01 1 0 0 0 1
Step 810 8.1 0.01 0 1.87272e-07 0 0 1
Step 811 8.11 0.01 0 6.24243e-08 0 0 1
Step 812 8.12 0.01 0 4.57778e-07 0 0 1
Step 813 8.13 0.01 0 1.38715e-08 0 0 1
Step 814 8.14 0.01 0 9.59483e-07 0 0 1
Step 815 8.15 0.01 0 4.75502e-07 0 0 1
Step 816 8.16 0.01 1 0 0 0 1
Step 817 8.17 0.01 1 0 0 0 1
Step 818 8.18 0.01 0 1.23334e-07 0 0 1
Step 819 8.19 0.01 0 4.1114e-08 0 0 1
Step 820 8.2 0.01 0 3.01484e-07 0 0 1
Step 821 8.21 0.01 0 9.12933e-09 0 0 1
Step 822 8.22 0.01 0 6.31898e-07 0 0 1
Step 823 8.23 0.01 0 3.13139e-07 0 0 1
Step 824 8.24 0.01 1 0 0 0 1
Step 825 8.25 0.01 1 0 0 0 1
Step 826 8.26 0.01 0 8.12078e-08 0 0 1
Step 827 8.27 0.01 0 2.70689e-08 0 0 1
Step 828 8.28 0.01 0 1.9851e-07 0 0 1
Step 829 8.29 0.01 0 6.01755e-09 0 0 1
Step 830 8.3 0.01 0 4.1607e-07 0 0 1
Step 831 8.31 0.01 0 2.06201e-07 0 0 1
Step 832 8.32 0.01 0 9.12124e-07 0 0 1
Step 833 8.33 0.01 0 8.70544e-07 0 0 1
Step 834 8.34 0.01 1 0 0 0 1
Step 835 8.35 0.01 1 0 0 0 1
Step 836 8.36 0.01 0 5.095e-07 0 0 1
Step 837 8.37 0.01 0 1.69833e-07 0 0 1
Step 838 8.38 0.01 1 0 0 0 1
Step 839 8.39 0.01 0 3.77406e-08 0 0 1
Step 840 8.4 0.01 0 2.95634e-07 0 0 1
Step 841 8.41 0.01 0 1.86606e-07 0 0 1
Step 842 8.42 0.01 0 6.89113e-07 0 0 1
Step 843 8.43 0.01 0 1.72393e-07 0 0 1
Step 844 8.44 0.01 1 0 0 0 1
Step 845 8.45 0.01 0 2.94808e-07 0 0 1
Step 846 8.46 0.01 0 3.85592e-07 0 0 1
Step 847 8.47 0.01 0 8.16412e-07 0 0 1
Step 848 8.48 0.01 0 6.80505e-07 0 0 1
Step 849 8.49 0.01 1 0 0 0 1
Step 850 8.5 0.01 0 7.23541e-07 0 0 1
Step 851 8.51 0.01 0 8.92995e-07 0 0 1
Step 852 8.52 0.01 1 0 0 0 1
Step 853 8.53 0.01 1 0 0 0 1
Step 854 8.54 0.01 0 5.46315e-07 0 0 1
Step 855 8.55 0.01 0 1.82104e-07 0 0 1
Step 856 8.56 0.01 1 0 0 0 1
Step 857 8.57 0.01 0 4.04674e-08 0 0 1
Step 858 8.58 0.01 0 3.16996e-07 0 0 1
Step 859 8.59 0.01 0 2.00089e-07 0 0 1
Step 860 8.6 0.01 0 7.38907e-07 0 0 1
Step 861 8.61 0.01 0 1.84849e-07 0 0 1
Step 862 8.62 0.01 1 0 0 0 1
Step 863 8.63 0.01 0 3.16113e-07 0 0 1
Step 864 8.64 0.01 0 4.13452e-07 0 0 1
Step 865 8.65 0.01 0 8.7541e-07 0 0 1
Step 866 8.66 0.01 0 7.29668e-07 0 0 1
Step 867 8.67 0.01 1 0 0 0 1
Step 868 8.68 0.01 0 7.75798e-07 0 0 1
Step 869 8.69 0.01 0 9.57513e-07 0 0 1
Step 870 8.7 0.01 1 0 0 0 1
Step 871 8.71 0.01 1 0 0 0 1
Step 872 8.72 0.01 0 5.85793e-07 0 0 1
Step 873 8.73 0.01 0 1.95262e-07 0 0 1
Step 874 8.74 0.01 1 0 0 0 1
Step 875 8.75 0.01 0 4.33974e-08 0 0 1
Step 876 8.76 0.01 0 3.399e-07 0 0 1
Step 877 8.77 0.01 0 2.14562e-07 0 0 1
Step 878 8.78 0.01 0 7.92289e-07 0 0 1
Step 879 8.79 0.01 0 1.9824e-07 0 0 1
Step 880 8.8 0.01 1 0 0 0 1
Step 881 8.81 0.01 0 3.38875e-07 0 0 1
Step 882 8.82 0.01 0 4.43354e-07 0 0 1
Step 883 8.83 0.01 0 9.38491e-07 0 0 1
Step 884 8.84 0.01 0 7.82535e-07 0 0 1
Step 885 8.85 0.01 1 0 0 0 1
Step 886 8.86 0.01 0 8.32386e-07 0 0 1
Step 887 8.87 0.01 1 0 0 0 1
Step 888 8.88 0.01 1 0 0 0 1
Step 889 8.89 0.01 0 8.53974e-07 0 0 1
Step 890 8.9 0.01 0 2.84657e-07 0 0 1
Step 891 8.91 0.01 1 0 0 0 1
Step 892 8.92 0.01 0 6.32576e-08 0 0 1
Step 893 8.93 0.01 0 4.95513e-07 0 0 1
Step 894 8.94 0.01 0 3.1277e-07 0 0 1
Step 895 8.95 0.01 1 0 0 0 1
Step 896 8.96 0.01 0 2.8895e-07 0 0 1
Step 897 8.97 0.01 0 4.24964e-07 0 0 1
Step 898 8.98 0.01 0 5.32564e-07 0 0 1
Step 899 8.99 0.01 1 0 0 0 1
Step 900 9 0.01 1 0 0 0 1
Step 901 9.01 0.01 0 3.81257e-07 0 0 1
Step 902 9.02 0.01 0 1.27083e-07 0 0 1
Step 903 9.03 0.01 0 9.3196e-07 0 0 1
Step 904 9.04 0.01 0 2.82499e-08 0 0 1
Step 905 9.05 0.01 1 0 0 0 1
Step 906 9.06 0.01 0 9.68063e-07 0 0 1
Step 907 9.07 0.01 0 2.75604e-07 0 0 1
Step 908 9.08 0.01 1 0 0 0 1
Step 909 9.09 0.01 0 1.86798e-07 0 0 1
Step 910 9.1 0.01 0 5.21605e-07 0 0 1
Step 911 9.11 0.01 0 6.09729e-07 0 0 1
Step 912 9.12 0.01 1 0 0 0 1
Step 913 9.13 0.01 0 9.23022e-07 0 0 1
Step 914 9.14 0.01 0 7.08542e-07 0 0 1
Step 915 9.15 0.01 1 0 0 0 1
Step 916 9.16 0.01 1 0 0 0 1
Step 917 9.17 0.01 0 3.30083e-07 0 0 1
Step 918 9.18 0.01 0 1.10028e-07 0 0 1
Step 919 9.19 0.01 0 8.06867e-07 0 0 1
Step 920 9.2 0.01 0 2.44523e-08 0 0 1
Step 921 9.21 0.01 1 0 0 0 1
Step 922 9.22 0.01 0 8.38112e-07 0 0 1
Step 923 9.23 0.01 0 2.38615e-07 0 0 1
Step 924 9.24 0.01 1 0 0 0 1
Step 925 9.25 0.01 0 1.61705e-07 0 0 1
Step 926 9.26 0.01 0 4.51591e-07 0 0 1
Step 927 9.27 0.01 0 5.2784e-07 0 0 1
Step 928 9.28 0.01 0 9.60149e-07 0 0 1
Step 929 9.29 0.01 0 7.99021e-07 0 0 1
Step 930 9.3 0.01 1 0 0 0 1
Step 931 9.31 0.01 0 8.06457e-07 0 0 1
Step 932 9.32 0.01 1 0 0 0 1
Step 933 9.33 0.01 1 0 0 0 1
Step 934 9.34 0.01 0 8.34945e-07 0 0 1
Step 935 9.35 0.01 0 2.78314e-07 0 0 1
Step 936 9.36 0.01 1 0 0 0 1
Step 937 9.37 0.01 0 6.18482e-08 0 0 1
Step 938 9.38 0.01 0 4.84473e-07 0 0 1
Step 939 9.39 0.01 0 3.05802e-07 0 0 1
Step 940 9.4 0.01 1 0 0 0 1
Step 941 9.41 0.01 0 2.82515e-07 0 0 1
Step 942 9.42 0.01 0 4.15498e-07 0 0 1
Step 943 9.43 0.01 0 5.20702e-07 0 0 1
Step 944 9.44 0.01 1 0 0 0 1
Step 945 9.45 0.01 1 0 0 0 1
Step 946 9.46 0.01 0 3.72766e-07 0 0 1
Step 947 9.47 0.01 0 1.24254e-07 0 0 1
Step 948 9.48 0.01 0 9.11207e-07 0 0 1
Step 949 9.49 0.01 0 2.76147e-08 0 0 1
Step 950 9.5 0.01 1 0 0 0 1
Step 951 9.51 0.01 0 9.46491e-07 0 0 1
Step 952 9.52 0.01 0 2.69466e-07 0 0 1
Step 953 9.53 0.01 1 0 0 0 1
Step 954 9.54 0.01 0 1.8263e-07 0 0 1
Step 955 9.55 0.01 0 5.09985e-07 0 0 1
Step 956 9.56 0.01 0 5.96131e-07 0 0 1
Step 957 9.57 0.01 1 0 0 0 1
Step 958 9.58 0.01 0 9.02431e-07 0 0 1
Step 959 9.59 0.01 0 6.92741e-07 0 0 1
Step 960 9.6 0.01 1 0 0 0 1
Step 961 9.61 0.01 1 0 0 0 1
Step 962 9.62 0.01 0 3.22726e-07 0 0 1
Step 963 9.63 0.01 0 1.07576e-07 0 0 1
Step 964 9.64 0.01 0 7.88885e-07 0 0 1
Step 965 9.65 0.01 0 2.39019e-08 0 0 1
Step 966 9.66 0.01 1 0 0 0 1
Step 967 9.67 0.01 0 8.19416e-07 0 0 1
Step 968 9.68 0.01 0 2.33299e-07 0 0 1
Step 969 9.69 0.01 1 0 0 0 1
Step 970 9.7 0.01 0 1.58086e-07 0 0 1
Step 971 9.71 0.01 0 4.41526e-07 0 0 1
Step 972 9.72 0.01 0 5.16045e-07 0 0 1
Step 973 9.73 0.01 0 9.38765e-07 0 0 1
Step 974 9.74 0.01 0 7.81148e-07 0 0 1
Step 975 9.75 0.01 1 0 0 0 1
Step 976 9.76 0.01 0 7.88327e-07 0 0 1
Step 977 9.77 0.01 1 0 0 0 1
Step 978 9.78 0.01 1 0 0 0 1
Step 979 9.79 0.01 0 8.1619e-07 0 0 1
Step 980 9.8 0.01 0 2.72058e-07 0 0 1
Step 981 9.81 0.01 1 0 0 0 1
Step 982 9.82 0.01 0 6.04698e-08 0 0 1
Step 983 9.83 0.01 0 4.73585e-07 0 0 1
Step 984 9.84 0.01 0 2.98957e-07 0 0 1
Step 985 9.85 0.01 1 0 0 0 1
Step 986 9.86 0.01 0 2.76229e-07 0 0 1
Step 987 9.87 0.01 0 4.06188e-07 0 0 1
Step 988 9.88 0.01 0 5.09142e-07 0 0 1
Step 989 9.89 0.01 1 0 0 0 1
Step 990 9.9 0.01 1 0 0 0 1
Step 991 9.91 0.01 0 3.64513e-07 0 0 1
Step 992 9.92 0.01 0 1.21505e-07 0 0 1
Step 993 9.93 0.01 0 8.91031e-07 0 0 1
Step 994 9.94 0.01 0 2.7001e-08 0 0 1
Step 995 9.95 0.01 1 0 0 0 1
Step 996 9.96 0.01 0 9.25532e-07 0 0 1
Step 997 9.97 0.01 0 2.63506e-07 0 0 1
Step 998 9.98 0.01 1 0 0 0 1
Step 999 9.99 0.01 0 1.78566e-07 0 0 1
Step 1000 10 0.01 0 4.98698e-07 0 0 1
Step 1001 10.01 0.01 0 5.82883e-07 0 0 1
